;IR code
;LABEL F
;LINK
;STOREI 2 $T1
;LE $P1 $T1 label0_else
;STOREI 1 $T2
;SUBI $P1 $T2 $T3
;PUSH
;PUSH $T3
;JSR F
;POP
;POP $T4
;STOREI $T4 $L1
;STOREI 2 $T5
;SUBI $P1 $T5 $T6
;PUSH
;PUSH $T6
;JSR F
;POP
;POP $T7
;STOREI $T7 $L2
;ADDI $L1 $L2 $T8
;STOREF $T8 $R
;RET
;JUMP label0_end
;LABEL label0_else
;LABEL label0_end
;STOREI 0 $T9
;NE $P1 $T9 label1_else
;STOREI 0 $T10
;STOREF $T10 $R
;RET
;JUMP label1_end
;LABEL label1_else
;STOREI 1 $T11
;STOREF $T11 $R
;RET
;LABEL label1_end
;LABEL main
;LINK
;STOREI 0 $T1
;STOREI $T1 $L1
;WRITES input
;READI $L2
;LABEL label2_start
;EQ $L1 $L2 label2_end
;PUSH
;PUSH $L1
;JSR F
;POP
;POP $T2
;STOREI $T2 $L3
;WRITEI $L1
;WRITES space
;WRITEI $L3
;WRITES eol
;STOREI 1 $T3
;ADDI $L1 $T3 $T4
;STOREI $T4 $L1
;JUMP label2_start
;LABEL label2_end
;STOREI 0 $T5
;STOREF $T5 $R
;RET
;tiny code
str input "Please input an integer number: "
str space " "
str eol "\n"
push
push r0
push r1
push r2
push r3
push r4
push r5
push r6
push r7
push r8
push r9
push r10
push r11
push r12
push r13
push r14
push r15
jsr main
sys halt
label F
link 2
move 2 r0
cmpi $18 r0
jle label0_else
move $18 r1
move 1 r2
subi r2 r1
push
push r1
push r0
push r1
push r2
push r3
push r4
push r5
push r6
push r7
push r8
push r9
push r10
push r11
push r12
push r13
push r14
push r15
jsr F
pop r15
pop r14
pop r13
pop r12
pop r11
pop r10
pop r9
pop r8
pop r7
pop r6
pop r5
pop r4
pop r3
pop r2
pop r1
pop r0
pop
pop r3
move r3 $-1
move $18 r4
move 2 r5
subi r5 r4
push
push r4
push r0
push r1
push r2
push r3
push r4
push r5
push r6
push r7
push r8
push r9
push r10
push r11
push r12
push r13
push r14
push r15
jsr F
pop r15
pop r14
pop r13
pop r12
pop r11
pop r10
pop r9
pop r8
pop r7
pop r6
pop r5
pop r4
pop r3
pop r2
pop r1
pop r0
pop
pop r6
move r6 $-2
move $-1 r7
addi $-2 r7
move r7 r0
move r0 $19
unlnk
ret
jmp label0_end
label label0_else
label label0_end
move 0 r8
cmpi $18 r8
jne label1_else
move 0 r9
move r9 r0
move r0 $19
unlnk
ret
jmp label1_end
label label1_else
move 1 r10
move r10 r0
move r0 $19
unlnk
ret
label label1_end
label main
link 3
move 0 r0
move r0 $-1
sys writes input
sys readi $-2
label label2_start
move $-2 r1
cmpi $-1 r1
jeq label2_end
push
push $-1
push r0
push r1
push r2
push r3
push r4
push r5
push r6
push r7
push r8
push r9
push r10
push r11
push r12
push r13
push r14
push r15
jsr F
pop r15
pop r14
pop r13
pop r12
pop r11
pop r10
pop r9
pop r8
pop r7
pop r6
pop r5
pop r4
pop r3
pop r2
pop r1
pop r0
pop
pop r2
move r2 $-3
sys writei $-1
sys writes space
sys writei $-3
sys writes eol
move $-1 r3
move 1 r4
addi r4 r3
move r3 $-1
jmp label2_start
label label2_end
move 0 r5
move r5 r0
move r0 $18
unlnk
ret
end
