;IR code
;STOREI 20 $T0
;STOREI $T0 a
;STOREI 30 $T1
;STOREI $T1 b
;STOREI 40 $T2
;STOREI $T2 c
;MULTI a b $T3
;ADDI c $T3 $T4
;MULTI a b $T5
;ADDI $T5 c $T6
;DIVI $T6 a $T7
;ADDI $T4 $T7 $T8
;STOREI 20 $T9
;ADDI $T8 $T9 $T10
;STOREI $T10 c
;MULTI b b $T11
;ADDI $T11 a $T12
;STOREI $T12 b
;MULTI b a $T13
;DIVI $T13 a $T14
;STOREI $T14 a
;WRITEI c
;WRITEI b
;WRITEI a
;tiny code
var a
var b
var c
move 20 r0
move r0 a
move 30 r1
move r1 b
move 40 r2
move r2 c
move c r3
move a r4
muli b r4
addi r4 r3
move a r5
muli b r5
addi c r5
divi a r5
addi r5 r3
move 20 r6
addi r6 r3
move r3 c
move b r7
muli b r7
addi a r7
move r7 b
move b r8
muli a r8
divi a r8
move r8 a
sys writei c
sys writei b
sys writei a
end
